[2m6:43:09 PM[22m [31m[1m[vite][22m[39m [31m[2m(client)[22m[39m [31m[Unhandled rejection] [1mTypeError[22m: Cannot read properties of null (reading 'reset')
[39m > src/App.jsx:627:28
    625 |          setTitle("");
    626 |          setFile(null);
    627 |          event.currentTarget.reset();
        |                              ^
    628 |        });
    629 |      }}>

[2m6:44:16 PM[22m [31m[1m[vite][22m[39m [31m[2m(client)[22m[39m [31m[Unhandled rejection] [1mTypeError[22m: Cannot read properties of null (reading 'reset')
[39m > src/App.jsx:627:28
    625 |          setTitle("");
    626 |          setFile(null);
    627 |          event.currentTarget.reset();
        |                              ^
    628 |        });
    629 |      }}>

[2m6:52:09 PM[22m [31m[1m[vite][22m[39m [31m[2m(client)[22m[39m [31m[Unhandled rejection] [1mTypeError[22m: Cannot read properties of null (reading 'reset')
[39m > src/App.jsx:627:28
    625 |          setTitle("");
    626 |          setFile(null);
    627 |          event.currentTarget.reset();
        |                              ^
    628 |        });
    629 |      }}>

[2m6:53:35 PM[22m [31m[1m[vite][22m[39m [31m[2m(client)[22m[39m [31m[Unhandled rejection] [1mTypeError[22m: Cannot read properties of null (reading 'reset')
[39m > src/App.jsx:627:28
    625 |          setTitle("");
    626 |          setFile(null);
    627 |          event.currentTarget.reset();
        |                              ^
    628 |        });
    629 |      }}>

[2m6:54:27 PM[22m [31m[1m[vite][22m[39m [31m[2m(client)[22m[39m [31m[Unhandled rejection] [1mTypeError[22m: Cannot read properties of null (reading 'reset')
[39m > src/App.jsx:627:28
    625 |          setTitle("");
    626 |          setFile(null);
    627 |          event.currentTarget.reset();
        |                              ^
    628 |        });
    629 |      }}>

[2m7:12:34 PM[22m [31m[1m[vite][22m[39m [31m[2m(client)[22m[39m [31m[Unhandled rejection] [1mTypeError[22m: Cannot read properties of null (reading 'reset')
[39m > src/App.jsx:635:28
    633 |          setTitle("");
    634 |          setFile(null);
    635 |          event.currentTarget.reset();
        |                              ^
    636 |        });
    637 |      }}>

[2m7:17:52 PM[22m [31m[1m[vite][22m[39m [31m[2m(client)[22m[39m [31m[Unhandled rejection] [1mError[22m: Password must be at least 6 characters.
[39m > request src/App.jsx:49:26
    47 |    });
    48 |    const payload = await response.json();
    49 |    if (!response.ok) throw new Error(payload.error || "Request failed");
       |                            ^
    50 |    return payload;
    51 |  }

[2m7:17:54 PM[22m [31m[1m[vite][22m[39m [31m[2m(client)[22m[39m [31m[Unhandled rejection] [1mError[22m: Password must be at least 6 characters.
[39m > request src/App.jsx:49:26
    47 |    });
    48 |    const payload = await response.json();
    49 |    if (!response.ok) throw new Error(payload.error || "Request failed");
       |                            ^
    50 |    return payload;
    51 |  }

[2m7:24:18 PM[22m [31m[1m[vite][22m[39m [31m[2m(client)[22m[39m [31m[Unhandled rejection] [1mError[22m: Password must be at least 6 characters.
[39m > request src/App.jsx:49:26
    47 |    });
    48 |    const payload = await response.json();
    49 |    if (!response.ok) throw new Error(payload.error || "Request failed");
       |                            ^
    50 |    return payload;
    51 |  }

[2m7:24:21 PM[22m [31m[1m[vite][22m[39m [31m[2m(client)[22m[39m [31m[Unhandled rejection] [1mError[22m: Password must be at least 6 characters.
[39m > request src/App.jsx:49:26
    47 |    });
    48 |    const payload = await response.json();
    49 |    if (!response.ok) throw new Error(payload.error || "Request failed");
       |                            ^
    50 |    return payload;
    51 |  }

[2m7:24:21 PM[22m [31m[1m[vite][22m[39m [31m[2m(client)[22m[39m [31m[Unhandled rejection] [1mError[22m: Password must be at least 6 characters.
[39m > request src/App.jsx:49:26
    47 |    });
    48 |    const payload = await response.json();
    49 |    if (!response.ok) throw new Error(payload.error || "Request failed");
       |                            ^
    50 |    return payload;
    51 |  }

[2m7:24:23 PM[22m [31m[1m[vite][22m[39m [31m[2m(client)[22m[39m [31m[Unhandled rejection] [1mError[22m: Password must be at least 6 characters.
[39m > request src/App.jsx:49:26
    47 |    });
    48 |    const payload = await response.json();
    49 |    if (!response.ok) throw new Error(payload.error || "Request failed");
       |                            ^
    50 |    return payload;
    51 |  }

[2m7:24:23 PM[22m [31m[1m[vite][22m[39m [31m[2m(client)[22m[39m [31m[Unhandled rejection] [1mError[22m: Password must be at least 6 characters.
[39m > request src/App.jsx:49:26
    47 |    });
    48 |    const payload = await response.json();
    49 |    if (!response.ok) throw new Error(payload.error || "Request failed");
       |                            ^
    50 |    return payload;
    51 |  }

[2m7:24:31 PM[22m [31m[1m[vite][22m[39m [31m[2m(client)[22m[39m [31m[Unhandled rejection] [1mError[22m: Invalid credentials.
[39m > request src/App.jsx:49:26
    47 |    });
    48 |    const payload = await response.json();
    49 |    if (!response.ok) throw new Error(payload.error || "Request failed");
       |                            ^
    50 |    return payload;
    51 |  }

